node.exe : (node:14944) Warning: Failed 
to load the ES module: C:\Users\Aaditya\
OneDrive\Desktop\contentkosh-backend\jes
t.config.ts. Make sure to set "type": 
"module" in the nearest package.json 
file or use the .mjs extension.
At line:1 char:1
+ & "C:\Program Files\nodejs/node.exe" 
"C:\Program Files\nodejs/node_mo ...
+ ~~~~~~~~~~~~~~~~~~~~~~~~~~~~~~~~~~~~~~
~~~~~~~~~~~~~~~~~~~~~~~~~~~~~~~
    + CategoryInfo          : NotSpecif 
   ied: ((node:14944) Wa....mjs extens  
  ion.:String) [], RemoteException
    + FullyQualifiedErrorId : NativeCom 
   mandError
 
(Use `node --trace-warnings ...` to 
show where the warning was created)
FAIL tests/integration/routes/batch.rout
es.test.ts
  Batch Routes
    POST /api/batches
      ΓêÜ should create a batch (79 ms)
      ΓêÜ should return 400 if codeName 
is missing (8 ms)
      ΓêÜ should return 404 if course 
not found (5 ms)
      ΓêÜ should return 409 if codeName 
already exists (5 ms)
    GET /api/batches/:id
      ΓêÜ should return a batch by ID 
(15 ms)
      ΓêÜ should return 404 if batch 
not found (7 ms)
      ΓêÜ should return 400 if id is 
invalid (8 ms)
    GET /api/batches/course/:courseId
      ΓêÜ should return batches for a 
course (11 ms)
      ΓêÜ should return 400 if courseId 
is invalid (13 ms)
    PUT /api/batches/:id
      ΓêÜ should update a batch (10 ms)
      ΓêÜ should return 409 if updating 
to existing codeName (8 ms)
      ΓêÜ should return 400 if codeName 
is empty (8 ms)
    DELETE /api/batches/:id
      ΓêÜ should delete a batch (8 ms)
      ΓêÜ should return 400 if id is 
invalid (7 ms)
    POST /api/batches/add-user
      ├ù should add user to batch (12 
ms)
      ΓêÜ should return 400 if userId 
or batchId is missing (10 ms)
      ├ù should return 409 if user is 
already in batch (9 ms)
      ├ù should return 400 if user role 
is invalid (e.g. ADMIN) (8 ms)
      ΓêÜ should return 400 if user is 
not in the business (14 ms)
    POST /api/batches/remove-user
      ΓêÜ should remove user from batch 
(9 ms)
      ΓêÜ should return 404 if user is 
not in batch (8 ms)
    GET /api/batches/user/:userId
      ΓêÜ should return batches for a 
user (4 ms)
      ΓêÜ should return 400 if userId 
is invalid (5 ms)
    GET /api/batches/:batchId/users
      ΓêÜ should return users for a 
batch (7 ms)
      ΓêÜ should return 400 if batchId 
is invalid (5 ms)
    PUT 
/api/batches/:batchId/users/:userId
      ΓêÜ should update batch user 
status (9 ms)
      ΓêÜ should return 404 if user is 
not in batch (8 ms)

  ΓùÅ Batch Routes ΓÇ║ POST 
/api/batches/add-user ΓÇ║ should add 
user to batch

    expect(received).toBe(expected) // 
Object.is equality

    Expected: 201
    Received: 400

    [0m [90m 245 |[39m               
  [33m.[39msend({ userId[33m:[39m 
[35m1[39m[33m,[39m 
batchId[33m:[39m [35m1[39m 
})[33m;[39m
     [90m 246 |[39m
    [31m[1m>[22m[39m[90m 247 
|[39m             expect(res[33m.[39m
status)[33m.[39mtoBe([35m201[39m)[3
3m;[39m
     [90m     |[39m                   
             [31m[1m^[22m[39m
     [90m 248 |[39m             expect
(res[33m.[39mbody[33m.[39mmessage)[
33m.[39mtoContain([32m'User added to 
batch successfully'[39m)[33m;[39m
     [90m 249 |[39m         
})[33m;[39m
     [90m 250 |[39m[0m

      at Object.<anonymous> (tests/integ
ration/routes/batch.routes.test.ts:247:3
2)

  ΓùÅ Batch Routes ΓÇ║ POST 
/api/batches/add-user ΓÇ║ should return 
409 if user is already in batch

    expect(received).toBe(expected) // 
Object.is equality

    Expected: 409
    Received: 400

    [0m [90m 273 |[39m               
  [33m.[39msend({ userId[33m:[39m 
[35m1[39m[33m,[39m 
batchId[33m:[39m [35m1[39m 
})[33m;[39m
     [90m 274 |[39m
    [31m[1m>[22m[39m[90m 275 
|[39m             expect(res[33m.[39m
status)[33m.[39mtoBe([35m409[39m)[3
3m;[39m
     [90m     |[39m                   
             [31m[1m^[22m[39m
     [90m 276 |[39m         
})[33m;[39m
     [90m 277 |[39m
     [90m 278 |[39m         
it([32m'should return 400 if user role 
is invalid (e.g. 
ADMIN)'[39m[33m,[39m [36masync[39m 
() [33m=>[39m {[0m

      at Object.<anonymous> (tests/integ
ration/routes/batch.routes.test.ts:275:3
2)

  ΓùÅ Batch Routes ΓÇ║ POST 
/api/batches/add-user ΓÇ║ should return 
400 if user role is invalid (e.g. ADMIN)

    
expect(received).toContain(expected) // 
indexOf

    Expected substring: "Only Teachers 
and Students"
    Received string:    "User is not 
part of this business"

    [0m [90m 293 |[39m
     [90m 294 |[39m             expect
(res[33m.[39mstatus)[33m.[39mtoBe([
35m400[39m)[33m;[39m
    [31m[1m>[22m[39m[90m 295 
|[39m             expect(res[33m.[39m
body[33m.[39mmessage)[33m.[39mtoCont
ain([32m'Only Teachers and 
Students'[39m)[33m;[39m
     [90m     |[39m                   
                   [31m[1m^[22m[39m
     [90m 296 |[39m         
})[33m;[39m
     [90m 297 |[39m
     [90m 298 |[39m         
it([32m'should return 400 if user is 
not in the business'[39m[33m,[39m 
[36masync[39m () [33m=>[39m {[0m

      at Object.<anonymous> (tests/integ
ration/routes/batch.routes.test.ts:295:3
8)

Test Suites: 1 failed, 1 total
Tests:       3 failed, 24 passed, 27 
total
Snapshots:   0 total
Time:        1.907 s
Ran all test suites matching tests/integ
ration/routes/batch.routes.test.ts.
Force exiting Jest: Have you considered 
using `--detectOpenHandles` to detect 
async operations that kept running 
after all tests finished?
