
> contentkosh-backend@1.3.0 test
> jest

node.exe : (node:66248) Warning: Failed to 
load the ES module: C:\Users\Aaditya\OneDrive\
Desktop\ContentKosh\contentkosh-backend\jest.c
onfig.ts. Make sure to set "type": "module" 
in the nearest package.json file or use the 
.mjs extension.
At line:1 char:1
+ & "C:\Program Files\nodejs/node.exe" 
"C:\Program Files\nodejs/node_mo ...
+ ~~~~~~~~~~~~~~~~~~~~~~~~~~~~~~~~~~~~~~~~~~~~
~~~~~~~~~~~~~~~~~~~~~~~~~
    + CategoryInfo          : NotSpecified: ( 
   (node:66248) Wa....mjs extension.:String)  
   [], RemoteException
    + FullyQualifiedErrorId : NativeCommandEr 
   ror
 
(Use `node --trace-warnings ...` to show 
where the warning was created)
PASS 
tests/unit/middlewares/auth.middleware.test.ts
  Auth Middleware
    authenticate
      ΓêÜ should return unauthorized if no 
auth header (20 ms)
      ΓêÜ should return unauthorized if 
header does not start with Bearer (2 ms)
      ΓêÜ should return unauthorized if token 
is missing (2 ms)
      ΓêÜ should return unauthorized if token 
verify returns null (4 ms)
      ΓêÜ should call next and set user 
context if token is valid (2 ms)
    authorize
      ΓêÜ should return unauthorized if 
req.user is missing (3 ms)
      ΓêÜ should return forbidden if user 
role is not allowed (2 ms)
      ΓêÜ should call next if user role is 
allowed (3 ms)

PASS tests/unit/middlewares/validation.middlew
are.test.ts
  Validation Middleware
    authorizeExamAccess
      ΓêÜ should call next if validation 
passes (9 ms)
      ΓêÜ should return 400 for invalid ID (2 
ms)
      ΓêÜ should return 401 if no user 
attached (1 ms)
      ΓêÜ should return 404 if not found 
error thrown (1 ms)
      ΓêÜ should return 403 if forbidden 
error thrown (1 ms)
    authorizeBatchAccess
      ΓêÜ should call next if validation 
passes (1 ms)
      ΓêÜ should return 404 if not found 
error thrown (1 ms)
    authorizeCourseAccess
      ΓêÜ should call next if validation 
passes (22 ms)
      ΓêÜ should return 403 if forbidden 
param (2 ms)
    authorizeUserAccess
      ΓêÜ should call next if validation 
passes (3 ms)
      ΓêÜ should return 400 for invalid user 
ID (2 ms)

PASS tests/unit/middlewares/error.middleware.t
est.ts
  Error Middleware
    ΓêÜ should handle NotFoundError (3 ms)
    ΓêÜ should handle BadRequestError (2 ms)
    ΓêÜ should handle AlreadyExistsError (1 
ms)
    ΓêÜ should handle UnauthorizedError (1 ms)
    ΓêÜ should handle ForbiddenError (2 ms)
    ΓêÜ should handle generic ApiError (1 ms)
    ΓêÜ should handle unknown errors as 
Server Error (1 ms)

PASS tests/unit/middlewares/validation/dto.mid
dleware.test.ts
  DTO Validation Middleware
    ΓêÜ should call next if validation passes 
(37 ms)
    ΓêÜ should return bad request if 
validation fails (17 ms)
    ΓêÜ should handle skipMissingProperties 
option (5 ms)

PASS tests/unit/controllers/subject.controller
.test.ts
  Subject Controller
    createSubject
      ΓêÜ should create a subject 
successfully (32 ms)
      ΓêÜ should return 400 if service throws 
BadRequestError (10 ms)
      ΓêÜ should return 404 if service throws 
NotFoundError (Course not found) (5 ms)
    getSubject
      ΓêÜ should get a subject by ID (7 ms)
      ΓêÜ should return 404 if subject not 
found (2 ms)
    getSubjectsByCourse
      ΓêÜ should get subjects for a course (5 
ms)
      ΓêÜ should handle active filter (1 ms)
    updateSubject
      ΓêÜ should update a subject 
successfully (2 ms)
      ΓêÜ should return 404 if subject not 
found (5 ms)
      ΓêÜ should return 400 if service throws 
BadRequestError (4 ms)
    deleteSubject
      ΓêÜ should delete a subject 
successfully (5 ms)
      ΓêÜ should return 404 if subject not 
found (4 ms)

PASS 
tests/unit/controllers/exam.controller.test.ts
  Exam Controller
    createExam
      ΓêÜ should create an exam successfully 
(29 ms)
      ΓêÜ should return 400 if business ID is 
missing in params (4 ms)
      ΓêÜ should return 404 if business does 
not exist (6 ms)
      ΓêÜ should return 401 if user is not 
authenticated (5 ms)
      ΓêÜ should return 400 if service throws 
BadRequestError (7 ms)
    getExam
      ΓêÜ should get an exam by ID (5 ms)
      ΓêÜ should return 404 if exam belongs 
to another business (4 ms)
      ΓêÜ should return 404 if exam not found 
(7 ms)
    getExamsByBusiness
      ΓêÜ should get exams for a business (6 
ms)
      ΓêÜ should return 404 if business does 
not exist (5 ms)
    updateExam
      ΓêÜ should update an exam successfully 
(6 ms)
      ΓêÜ should return 404 if exam not found 
in this business (6 ms)
      ΓêÜ should return 404 if exam does not 
exist (5 ms)
      ΓêÜ should return 400 if service throws 
BadRequestError (1 ms)
    deleteExam
      ΓêÜ should delete an exam successfully 
(2 ms)
      ΓêÜ should return 404 if exam not found 
in this business (5 ms)
      ΓêÜ should return 404 if exam does not 
exist (4 ms)

PASS tests/unit/controllers/course.controller.
test.ts
  Course Controller
    createCourse
      ΓêÜ should create a course successfully 
(26 ms)
      ΓêÜ should return 400 if service throws 
BadRequestError (6 ms)
      ΓêÜ should return 404 if exam does not 
exist (5 ms)
    getCourse
      ΓêÜ should get a course by ID (3 ms)
      ΓêÜ should return 404 if course not 
found (1 ms)
      ΓêÜ should return 404 if course does 
not belong to exam (5 ms)
    getCoursesByExam
      ΓêÜ should get courses for an exam (5 
ms)
      ΓêÜ should handle active filter (6 ms)
      ΓêÜ should return 404 if exam does not 
exist (6 ms)
    updateCourse
      ΓêÜ should update a course successfully 
(4 ms)
      ΓêÜ should return 404 if course not 
found in this exam (6 ms)
      ΓêÜ should return 404 if course does 
not exist (from getCourse) (1 ms)
      ΓêÜ should handle BadRequestError (3 ms)
    deleteCourse
      ΓêÜ should delete a course successfully 
(5 ms)
      ΓêÜ should return 404 if course not 
found in this exam (1 ms)
      ΓêÜ should return 404 if course does 
not exist (5 ms)

PASS tests/unit/controllers/batch.controller.t
est.ts
  Batch Controller
    createBatch
      ΓêÜ should create a batch successfully 
(32 ms)
      ΓêÜ should handle errors thrown by 
service (8 ms)
      ΓêÜ should handle AlreadyExistsError (2 
ms)
    getBatch
      ΓêÜ should get a batch by ID (2 ms)
      ΓêÜ should handle NotFoundError (6 ms)
      ΓêÜ should throw error if ID is invalid 
(5 ms)
    getBatchesByCourse
      ΓêÜ should get batches for a course (7 
ms)
      ΓêÜ should handle active filter (2 ms)
    updateBatch
      ΓêÜ should update a batch successfully 
(5 ms)
      ΓêÜ should handle NotFoundError (5 ms)
      ΓêÜ should handle AlreadyExistsError (5 
ms)
    deleteBatch
      ΓêÜ should delete a batch successfully 
(1 ms)
      ΓêÜ should handle NotFoundError (4 ms)
    addUserToBatch
      ΓêÜ should add user to batch (5 ms)
      ΓêÜ should handle NotFoundError (7 ms)
      ΓêÜ should handle AlreadyExistsError (2 
ms)
    removeUserFromBatch
      ΓêÜ should remove user from batch (4 ms)
      ΓêÜ should handle NotFoundError (1 ms)
    getBatchesByUser
      ΓêÜ should get batches by user (2 ms)
    getUsersByBatch
      ΓêÜ should get users for a batch (7 ms)
    updateBatchUser
      ΓêÜ should update batch user (5 ms)
      ΓêÜ should handle NotFoundError (1 ms)

PASS 
tests/unit/controllers/user.controller.test.ts
  User Controller
    createUserForBusiness
      ΓêÜ should create a user successfully 
(264 ms)
      ΓêÜ should throw BadRequestError if 
businessId is invalid (65 ms)
      ΓêÜ should throw BadRequestError if 
businessId is zero (9 ms)
      ΓêÜ should throw NotFoundError if 
business does not exist (8 ms)
      ΓêÜ should throw AlreadyExistsError if 
email already exists (254 ms)
      ΓêÜ should throw AlreadyExistsError if 
mobile already exists (134 ms)
      ΓêÜ should rethrow unknown errors (146 
ms)
    getUsersByBusiness
      ΓêÜ should get users for a business 
successfully (4 ms)
      ΓêÜ should filter users by role (4 ms)
      ΓêÜ should throw BadRequestError if 
role is invalid (3 ms)
      ΓêÜ should throw BadRequestError if 
businessId is invalid (2 ms)
      ΓêÜ should throw NotFoundError if 
business does not exist (3 ms)
    updateUser
      ΓêÜ should update a user successfully 
(3 ms)
      ΓêÜ should throw BadRequestError if 
userId is invalid (2 ms)
      ΓêÜ should throw NotFoundError if user 
does not exist (4 ms)
    deleteUser
      ΓêÜ should soft delete a user 
successfully (6 ms)
      ΓêÜ should throw BadRequestError if 
userId is invalid (2 ms)
      ΓêÜ should throw BadRequestError if 
userId is zero (3 ms)
      ΓêÜ should throw BadRequestError if 
userId is negative (1 ms)
      ΓêÜ should throw NotFoundError if user 
does not exist (2 ms)

FAIL tests/integration/routes/permission.route
s.test.ts
  Permission Routes
    GET /permission
      ΓêÜ should return user permissions when 
user_id is provided (104 ms)
      ΓêÜ should return 400 if user_id is 
missing (18 ms)
      ΓêÜ should return 404 if user not found 
(16 ms)
    POST /permission
      ΓêÜ should assign permissions 
successfully (64 ms)
      ΓêÜ should return 400 if permissions 
list is empty (16 ms)
      ΓêÜ should return 400 if user not found 
(12 ms)
    PUT /permission
      ΓêÜ should update permissions 
successfully (12 ms)
    DELETE /permission
      ├ù should delete all permissions if 
permissions list is empty (11 ms)
      ├ù should delete specific permissions 
if provided (20 ms)
      ΓêÜ should return 400 if userId is 
missing (14 ms)

  ΓùÅ Permission Routes ΓÇ║ DELETE 
/permission ΓÇ║ should delete all permissions 
if permissions list is empty

    TypeError: Cannot read properties of 
undefined (reading 'message')

    [0m [90m 112 |[39m
     [90m 113 |[39m             expect(res[
33m.[39mstatus)[33m.[39mtoBe([35m200[39m)
[33m;[39m
    [31m[1m>[22m[39m[90m 114 |[39m      
       expect(res[33m.[39mbody[33m.[39mdat
a[33m.[39mmessage)[33m.[39mtoBe([32m'All 
permissions removed'[39m)[33m;[39m
     [90m     |[39m                         
         [31m[1m^[22m[39m
     [90m 115 |[39m             expect([33m
PermissionService[39m[33m.[39mprototype[33
m.[39mdeletePermissions)[33m.[39mtoHaveBeen
CalledWith([35m1[39m)[33m;[39m
     [90m 116 |[39m         })[33m;[39m
     [90m 117 |[39m[0m

      at Object.<anonymous> (tests/integration
/routes/permission.routes.test.ts:114:34)

  ΓùÅ Permission Routes ΓÇ║ DELETE 
/permission ΓÇ║ should delete specific 
permissions if provided

    expect(received).toEqual(expected) // 
deep equality

    Expected: {"permissions": 
["CONTENT_VIEW"], "user": {"id": 1, "role": 
"USER"}}
    Received: undefined

    [0m [90m 126 |[39m
     [90m 127 |[39m             expect(res[
33m.[39mstatus)[33m.[39mtoBe([35m200[39m)
[33m;[39m
    [31m[1m>[22m[39m[90m 128 |[39m      
       expect(res[33m.[39mbody[33m.[39mdat
a)[33m.[39mtoEqual(remainingPermissions)[33
m;[39m
     [90m     |[39m                         
          [31m[1m^[22m[39m
     [90m 129 |[39m         })[33m;[39m
     [90m 130 |[39m
     [90m 131 |[39m         it([32m'should 
return 400 if userId is 
missing'[39m[33m,[39m [36masync[39m () 
[33m=>[39m {[0m

      at Object.<anonymous> (tests/integration
/routes/permission.routes.test.ts:128:35)

PASS tests/integration/routes/subject.routes.t
est.ts
  Subject Routes
    POST 
/api/exams/:examId/courses/:courseId/subjects
      ΓêÜ should create a subject (128 ms)
      ΓêÜ should return 400 if subject name 
is missing (DTO Validation) (15 ms)
      ΓêÜ should return 404 if course not 
found (13 ms)
    GET 
/api/exams/:examId/courses/:courseId/subjects
      ΓêÜ should return subjects for a course 
(14 ms)
      ΓêÜ should filter subjects by active 
status (13 ms)
    GET /api/exams/:examId/courses/:courseId/s
ubjects/:subjectId
      ΓêÜ should return a subject by ID (7 ms)
      ΓêÜ should return 404 if subject not 
found (11 ms)
    PUT /api/exams/:examId/courses/:courseId/s
ubjects/:subjectId
      ΓêÜ should update a subject (11 ms)
      ΓêÜ should return 404 if subject to 
update not found (17 ms)
      ΓêÜ should return 400 if validation 
fails (15 ms)
    DELETE /api/exams/:examId/courses/:courseI
d/subjects/:subjectId
      ΓêÜ should delete a subject (18 ms)
      ΓêÜ should return 404 if subject to 
delete not found (11 ms)

PASS 
tests/integration/routes/exam.routes.test.ts
  Exam Routes
    POST /api/business/:businessId/exams
      ΓêÜ should create an exam (115 ms)
      ΓêÜ should return 400 if validation 
fails (15 ms)
      ΓêÜ should return 404 if business not 
found (11 ms)
    GET /api/business/:businessId/exams
      ΓêÜ should return exams for a business 
(11 ms)
      ΓêÜ should support pagination options 
(15 ms)
    GET /api/business/:businessId/exams/:id
      ΓêÜ should get an exam by ID (12 ms)
      ΓêÜ should return 404 if exam belongs 
to another business (12 ms)
    PUT /api/business/:businessId/exams/:id
      ΓêÜ should update an exam (13 ms)
      ΓêÜ should return 400 if validation 
fails (20 ms)
      ΓêÜ should return 404 if exam not found 
(15 ms)
    DELETE /api/business/:businessId/exams/:id
      ΓêÜ should delete an exam (10 ms)
      ΓêÜ should return 404 if exam not found 
(8 ms)

PASS 
tests/integration/routes/course.routes.test.ts
  Course Routes
    POST /api/exams/:examId/courses
      ΓêÜ should create a course (121 ms)
      ΓêÜ should return 400 if course name is 
missing (18 ms)
      ΓêÜ should return 404 if exam not found 
(11 ms)
    GET /api/exams/:examId/courses
      ΓêÜ should return courses for an exam 
(12 ms)
      ΓêÜ should return 400 if examId is 
invalid (10 ms)
      ΓêÜ should filter courses by active 
status (13 ms)
    GET /api/exams/:examId/courses/:courseId
      ΓêÜ should return a course by ID (12 ms)
      ΓêÜ should return 404 if course not 
found (18 ms)
      ΓêÜ should return 400 if courseId is 
invalid (13 ms)
    PUT /api/exams/:examId/courses/:courseId
      ΓêÜ should update a course (17 ms)
      ΓêÜ should return 400 if name is empty 
(13 ms)
    DELETE 
/api/exams/:examId/courses/:courseId
      ΓêÜ should delete a course (8 ms)
      ΓêÜ should return 400 if courseId is 
invalid (6 ms)
      ΓêÜ should return 404 if course not 
found (16 ms)

PASS 
tests/integration/routes/auth.routes.test.ts
  Auth Routes
    POST /auth/signup
      ΓêÜ should register a new user 
successfully (103 ms)
      ΓêÜ should return 400 if name is 
missing (18 ms)
      ΓêÜ should return 400 if email is 
invalid (16 ms)
      ΓêÜ should return 400 if password is 
too short (13 ms)
      ΓêÜ should return 409 if email already 
exists (17 ms)
      ΓêÜ should return 409 if mobile already 
exists (20 ms)
    POST /auth/login
      ΓêÜ should login successfully (14 ms)
      ΓêÜ should return 400 if email is 
missing (9 ms)
      ΓêÜ should return 400 if password is 
missing (16 ms)
      ΓêÜ should return 401 if credentials 
are invalid (18 ms)
      ΓêÜ should return 403 if user is 
inactive (5 ms)
    POST /auth/refresh
      ΓêÜ should refresh tokens successfully 
(5 ms)
      ΓêÜ should return 400 if refreshToken 
is missing (5 ms)
      ΓêÜ should return 401 if refreshToken 
is invalid (7 ms)
      ΓêÜ should return 401 if refreshToken 
is revoked (6 ms)
      ΓêÜ should return 401 if refreshToken 
is expired (6 ms)
    POST /auth/logout
      ΓêÜ should logout successfully (6 ms)
    GET /auth/me
      ΓêÜ should return user profile when 
authenticated (7 ms)
      ΓêÜ should return 401 if no token 
provided (5 ms)
      ΓêÜ should return 401 if token is 
invalid (7 ms)

PASS 
tests/integration/routes/batch.routes.test.ts
  Batch Routes
    POST /api/batches
      ΓêÜ should create a batch (96 ms)
      ΓêÜ should return 400 if codeName is 
missing (15 ms)
      ΓêÜ should return 404 if course not 
found (16 ms)
      ΓêÜ should return 409 if codeName 
already exists (13 ms)
    GET /api/batches/:id
      ΓêÜ should return a batch by ID (19 ms)
      ΓêÜ should return 404 if batch not 
found (12 ms)
      ΓêÜ should return 400 if id is invalid 
(11 ms)
    GET /api/batches/course/:courseId
      ΓêÜ should return batches for a course 
(12 ms)
      ΓêÜ should map include=students to 
batchUsers with student role (14 ms)
      ΓêÜ should return 400 if courseId is 
invalid (7 ms)
    PUT /api/batches/:id
      ΓêÜ should update a batch (21 ms)
      ΓêÜ should return 409 if updating to 
existing codeName (7 ms)
      ΓêÜ should return 400 if codeName is 
empty (5 ms)
    DELETE /api/batches/:id
      ΓêÜ should delete a batch (5 ms)
      ΓêÜ should return 400 if id is invalid 
(6 ms)
    POST /api/batches/add-user
      ΓêÜ should add user to batch (6 ms)
      ΓêÜ should return 400 if userId or 
batchId is missing (7 ms)
      ΓêÜ should return 409 if user is 
already in batch (6 ms)
      ΓêÜ should return 400 if user role is 
invalid (e.g. ADMIN) (6 ms)
      ΓêÜ should return 400 if user is not in 
the business (6 ms)
    POST /api/batches/remove-user
      ΓêÜ should remove user from batch (6 ms)
      ΓêÜ should return 404 if user is not in 
batch (6 ms)
    GET /api/batches/user/:userId
      ΓêÜ should return batches for a user (6 
ms)
      ΓêÜ should return 400 if userId is 
invalid (7 ms)
    GET /api/batches/:batchId/users
      ΓêÜ should return users for a batch (6 
ms)
      ΓêÜ should filter users by role (5 ms)
      ΓêÜ should return 400 if role is 
invalid (6 ms)
      ΓêÜ should return 400 if batchId is 
invalid (5 ms)
    PUT /api/batches/:batchId/users/:userId
      ΓêÜ should update batch user status (6 
ms)
      ΓêÜ should return 404 if user is not in 
batch (8 ms)

PASS 
tests/integration/routes/user.routes.test.ts
  User Routes
    POST /api/business/:businessId/users
      ΓêÜ should create a user successfully 
(230 ms)
      ΓêÜ should return 400 if name is 
missing (12 ms)
      ΓêÜ should return 400 if email is 
invalid (9 ms)
      ΓêÜ should return 400 if password is 
too short (10 ms)
      ΓêÜ should return 400 if role is 
invalid (9 ms)
      ΓêÜ should return 404 if business not 
found (11 ms)
      ΓêÜ should return 409 if email already 
exists (103 ms)
      ΓêÜ should return 409 if mobile already 
exists (169 ms)
      ΓêÜ should return 400 if businessId is 
invalid (12 ms)
    GET /api/business/:businessId/users
      ΓêÜ should return users for a business 
(11 ms)
      ΓêÜ should filter users by role (8 ms)
      ΓêÜ should return 404 if business not 
found (6 ms)
      ΓêÜ should return 400 if businessId is 
invalid (6 ms)
    PUT /api/users/:userId
      ΓêÜ should update a user successfully 
(11 ms)
      ΓêÜ should update user status (11 ms)
      ΓêÜ should return 404 if user not found 
(9 ms)
      ΓêÜ should return 400 if name is empty 
string (7 ms)
      ΓêÜ should return 400 if role is 
invalid (8 ms)
      ΓêÜ should return 400 if userId is 
invalid (8 ms)
    DELETE /api/users/:userId
      ΓêÜ should soft delete a user 
successfully (9 ms)
      ΓêÜ should return 404 if user not found 
(5 ms)
      ΓêÜ should return 400 if userId is 
invalid (8 ms)

Test Suites: 1 failed, 15 passed, 16 total
Tests:       2 failed, 234 passed, 236 total
Snapshots:   0 total
Time:        5.166 s
Ran all test suites.
Force exiting Jest: Have you considered using 
`--detectOpenHandles` to detect async 
operations that kept running after all tests 
finished?
