tests/integration/routes/exam.routes.test.ts(12,1): error TS2304: Cannot find name 'jest'.
tests/integration/routes/exam.routes.test.ts(13,1): error TS2304: Cannot find name 'jest'.
tests/integration/routes/exam.routes.test.ts(14,1): error TS2304: Cannot find name 'jest'.
tests/integration/routes/exam.routes.test.ts(23,1): error TS2593: Cannot find name 'describe'. Do you need to install type definitions for a test runner? Try `npm i --save-dev @types/jest` or `npm i --save-dev @types/mocha` and then add 'jest' or 'mocha' to the types field in your tsconfig.
tests/integration/routes/exam.routes.test.ts(24,5): error TS2304: Cannot find name 'beforeEach'.
tests/integration/routes/exam.routes.test.ts(25,9): error TS2304: Cannot find name 'jest'.
tests/integration/routes/exam.routes.test.ts(28,5): error TS2593: Cannot find name 'describe'. Do you need to install type definitions for a test runner? Try `npm i --save-dev @types/jest` or `npm i --save-dev @types/mocha` and then add 'jest' or 'mocha' to the types field in your tsconfig.
tests/integration/routes/exam.routes.test.ts(29,9): error TS2593: Cannot find name 'it'. Do you need to install type definitions for a test runner? Try `npm i --save-dev @types/jest` or `npm i --save-dev @types/mocha` and then add 'jest' or 'mocha' to the types field in your tsconfig.
tests/integration/routes/exam.routes.test.ts(31,47): error TS2503: Cannot find namespace 'jest'.
tests/integration/routes/exam.routes.test.ts(32,37): error TS2503: Cannot find namespace 'jest'.
tests/integration/routes/exam.routes.test.ts(36,13): error TS2304: Cannot find name 'expect'.
tests/integration/routes/exam.routes.test.ts(37,13): error TS2304: Cannot find name 'expect'.
tests/integration/routes/exam.routes.test.ts(38,13): error TS2304: Cannot find name 'expect'.
tests/integration/routes/exam.routes.test.ts(41,9): error TS2593: Cannot find name 'it'. Do you need to install type definitions for a test runner? Try `npm i --save-dev @types/jest` or `npm i --save-dev @types/mocha` and then add 'jest' or 'mocha' to the types field in your tsconfig.
tests/integration/routes/exam.routes.test.ts(43,47): error TS2503: Cannot find namespace 'jest'.
tests/integration/routes/exam.routes.test.ts(47,13): error TS2304: Cannot find name 'expect'.
tests/integration/routes/exam.routes.test.ts(51,5): error TS2593: Cannot find name 'describe'. Do you need to install type definitions for a test runner? Try `npm i --save-dev @types/jest` or `npm i --save-dev @types/mocha` and then add 'jest' or 'mocha' to the types field in your tsconfig.
tests/integration/routes/exam.routes.test.ts(52,9): error TS2593: Cannot find name 'it'. Do you need to install type definitions for a test runner? Try `npm i --save-dev @types/jest` or `npm i --save-dev @types/mocha` and then add 'jest' or 'mocha' to the types field in your tsconfig.
tests/integration/routes/exam.routes.test.ts(54,39): error TS2503: Cannot find namespace 'jest'.
tests/integration/routes/exam.routes.test.ts(58,13): error TS2304: Cannot find name 'expect'.
tests/integration/routes/exam.routes.test.ts(59,13): error TS2304: Cannot find name 'expect'.
tests/integration/routes/exam.routes.test.ts(62,9): error TS2593: Cannot find name 'it'. Do you need to install type definitions for a test runner? Try `npm i --save-dev @types/jest` or `npm i --save-dev @types/mocha` and then add 'jest' or 'mocha' to the types field in your tsconfig.
tests/integration/routes/exam.routes.test.ts(63,39): error TS2503: Cannot find namespace 'jest'.
tests/integration/routes/exam.routes.test.ts(67,13): error TS2304: Cannot find name 'expect'.
tests/integration/routes/exam.routes.test.ts(71,5): error TS2593: Cannot find name 'describe'. Do you need to install type definitions for a test runner? Try `npm i --save-dev @types/jest` or `npm i --save-dev @types/mocha` and then add 'jest' or 'mocha' to the types field in your tsconfig.
tests/integration/routes/exam.routes.test.ts(72,9): error TS2593: Cannot find name 'it'. Do you need to install type definitions for a test runner? Try `npm i --save-dev @types/jest` or `npm i --save-dev @types/mocha` and then add 'jest' or 'mocha' to the types field in your tsconfig.
tests/integration/routes/exam.routes.test.ts(74,47): error TS2503: Cannot find namespace 'jest'.
tests/integration/routes/exam.routes.test.ts(75,54): error TS2503: Cannot find namespace 'jest'.
tests/integration/routes/exam.routes.test.ts(79,13): error TS2304: Cannot find name 'expect'.
tests/integration/routes/exam.routes.test.ts(80,13): error TS2304: Cannot find name 'expect'.
tests/integration/routes/exam.routes.test.ts(84,5): error TS2593: Cannot find name 'describe'. Do you need to install type definitions for a test runner? Try `npm i --save-dev @types/jest` or `npm i --save-dev @types/mocha` and then add 'jest' or 'mocha' to the types field in your tsconfig.
tests/integration/routes/exam.routes.test.ts(85,9): error TS2593: Cannot find name 'it'. Do you need to install type definitions for a test runner? Try `npm i --save-dev @types/jest` or `npm i --save-dev @types/mocha` and then add 'jest' or 'mocha' to the types field in your tsconfig.
tests/integration/routes/exam.routes.test.ts(87,37): error TS2503: Cannot find namespace 'jest'.
tests/integration/routes/exam.routes.test.ts(91,13): error TS2304: Cannot find name 'expect'.
tests/integration/routes/exam.routes.test.ts(92,13): error TS2304: Cannot find name 'expect'.
tests/integration/routes/exam.routes.test.ts(96,5): error TS2593: Cannot find name 'describe'. Do you need to install type definitions for a test runner? Try `npm i --save-dev @types/jest` or `npm i --save-dev @types/mocha` and then add 'jest' or 'mocha' to the types field in your tsconfig.
tests/integration/routes/exam.routes.test.ts(97,9): error TS2593: Cannot find name 'it'. Do you need to install type definitions for a test runner? Try `npm i --save-dev @types/jest` or `npm i --save-dev @types/mocha` and then add 'jest' or 'mocha' to the types field in your tsconfig.
tests/integration/routes/exam.routes.test.ts(98,37): error TS2503: Cannot find namespace 'jest'.
tests/integration/routes/exam.routes.test.ts(102,13): error TS2304: Cannot find name 'expect'.
tests/setup.ts(4,1): error TS2304: Cannot find name 'jest'.
tests/setup.ts(5,11): error TS2304: Cannot find name 'jest'.
tests/setup.ts(6,12): error TS2304: Cannot find name 'jest'.
tests/setup.ts(7,11): error TS2304: Cannot find name 'jest'.
tests/setup.ts(8,12): error TS2304: Cannot find name 'jest'.
tests/setup.ts(12,1): error TS2304: Cannot find name 'beforeAll'.
tests/setup.ts(16,1): error TS2304: Cannot find name 'afterAll'.
tests/unit/controllers/exam.controller.test.ts(9,1): error TS2304: Cannot find name 'jest'.
tests/unit/controllers/exam.controller.test.ts(10,1): error TS2304: Cannot find name 'jest'.
tests/unit/controllers/exam.controller.test.ts(11,1): error TS2304: Cannot find name 'jest'.
tests/unit/controllers/exam.controller.test.ts(13,1): error TS2593: Cannot find name 'describe'. Do you need to install type definitions for a test runner? Try `npm i --save-dev @types/jest` or `npm i --save-dev @types/mocha` and then add 'jest' or 'mocha' to the types field in your tsconfig.
tests/unit/controllers/exam.controller.test.ts(17,5): error TS2304: Cannot find name 'beforeEach'.
tests/unit/controllers/exam.controller.test.ts(20,21): error TS2304: Cannot find name 'jest'.
tests/unit/controllers/exam.controller.test.ts(21,19): error TS2304: Cannot find name 'jest'.
tests/unit/controllers/exam.controller.test.ts(23,9): error TS2304: Cannot find name 'jest'.
tests/unit/controllers/exam.controller.test.ts(26,5): error TS2593: Cannot find name 'describe'. Do you need to install type definitions for a test runner? Try `npm i --save-dev @types/jest` or `npm i --save-dev @types/mocha` and then add 'jest' or 'mocha' to the types field in your tsconfig.
tests/unit/controllers/exam.controller.test.ts(27,9): error TS2593: Cannot find name 'it'. Do you need to install type definitions for a test runner? Try `npm i --save-dev @types/jest` or `npm i --save-dev @types/mocha` and then add 'jest' or 'mocha' to the types field in your tsconfig.
tests/unit/controllers/exam.controller.test.ts(31,47): error TS2503: Cannot find namespace 'jest'.
tests/unit/controllers/exam.controller.test.ts(32,37): error TS2503: Cannot find namespace 'jest'.
tests/unit/controllers/exam.controller.test.ts(36,13): error TS2304: Cannot find name 'expect'.
tests/unit/controllers/exam.controller.test.ts(37,13): error TS2304: Cannot find name 'expect'.
tests/unit/controllers/exam.controller.test.ts(38,13): error TS2304: Cannot find name 'expect'.
tests/unit/controllers/exam.controller.test.ts(38,74): error TS2304: Cannot find name 'expect'.
tests/unit/controllers/exam.controller.test.ts(41,9): error TS2593: Cannot find name 'it'. Do you need to install type definitions for a test runner? Try `npm i --save-dev @types/jest` or `npm i --save-dev @types/mocha` and then add 'jest' or 'mocha' to the types field in your tsconfig.
tests/unit/controllers/exam.controller.test.ts(45,47): error TS2503: Cannot find namespace 'jest'.
tests/unit/controllers/exam.controller.test.ts(47,19): error TS2304: Cannot find name 'expect'.
tests/unit/controllers/exam.controller.test.ts(48,13): error TS2304: Cannot find name 'expect'.
tests/unit/controllers/exam.controller.test.ts(49,13): error TS2304: Cannot find name 'expect'.
tests/unit/controllers/exam.controller.test.ts(53,5): error TS2593: Cannot find name 'describe'. Do you need to install type definitions for a test runner? Try `npm i --save-dev @types/jest` or `npm i --save-dev @types/mocha` and then add 'jest' or 'mocha' to the types field in your tsconfig.
tests/unit/controllers/exam.controller.test.ts(54,9): error TS2593: Cannot find name 'it'. Do you need to install type definitions for a test runner? Try `npm i --save-dev @types/jest` or `npm i --save-dev @types/mocha` and then add 'jest' or 'mocha' to the types field in your tsconfig.
tests/unit/controllers/exam.controller.test.ts(58,39): error TS2503: Cannot find namespace 'jest'.
tests/unit/controllers/exam.controller.test.ts(62,13): error TS2304: Cannot find name 'expect'.
tests/unit/controllers/exam.controller.test.ts(63,13): error TS2304: Cannot find name 'expect'.
tests/unit/controllers/exam.controller.test.ts(66,9): error TS2593: Cannot find name 'it'. Do you need to install type definitions for a test runner? Try `npm i --save-dev @types/jest` or `npm i --save-dev @types/mocha` and then add 'jest' or 'mocha' to the types field in your tsconfig.
tests/unit/controllers/exam.controller.test.ts(68,39): error TS2503: Cannot find namespace 'jest'.
tests/unit/controllers/exam.controller.test.ts(70,19): error TS2304: Cannot find name 'expect'.
tests/unit/controllers/exam.controller.test.ts(74,5): error TS2593: Cannot find name 'describe'. Do you need to install type definitions for a test runner? Try `npm i --save-dev @types/jest` or `npm i --save-dev @types/mocha` and then add 'jest' or 'mocha' to the types field in your tsconfig.
tests/unit/controllers/exam.controller.test.ts(75,9): error TS2593: Cannot find name 'it'. Do you need to install type definitions for a test runner? Try `npm i --save-dev @types/jest` or `npm i --save-dev @types/mocha` and then add 'jest' or 'mocha' to the types field in your tsconfig.
tests/unit/controllers/exam.controller.test.ts(79,47): error TS2503: Cannot find namespace 'jest'.
tests/unit/controllers/exam.controller.test.ts(80,54): error TS2503: Cannot find namespace 'jest'.
tests/unit/controllers/exam.controller.test.ts(84,13): error TS2304: Cannot find name 'expect'.
tests/unit/controllers/exam.controller.test.ts(85,13): error TS2304: Cannot find name 'expect'.
tests/unit/controllers/exam.controller.test.ts(86,13): error TS2304: Cannot find name 'expect'.
tests/unit/controllers/exam.controller.test.ts(89,9): error TS2593: Cannot find name 'it'. Do you need to install type definitions for a test runner? Try `npm i --save-dev @types/jest` or `npm i --save-dev @types/mocha` and then add 'jest' or 'mocha' to the types field in your tsconfig.
tests/unit/controllers/exam.controller.test.ts(91,47): error TS2503: Cannot find namespace 'jest'.
tests/unit/controllers/exam.controller.test.ts(93,19): error TS2304: Cannot find name 'expect'.
tests/unit/controllers/exam.controller.test.ts(97,5): error TS2593: Cannot find name 'describe'. Do you need to install type definitions for a test runner? Try `npm i --save-dev @types/jest` or `npm i --save-dev @types/mocha` and then add 'jest' or 'mocha' to the types field in your tsconfig.
tests/unit/controllers/exam.controller.test.ts(98,9): error TS2593: Cannot find name 'it'. Do you need to install type definitions for a test runner? Try `npm i --save-dev @types/jest` or `npm i --save-dev @types/mocha` and then add 'jest' or 'mocha' to the types field in your tsconfig.
tests/unit/controllers/exam.controller.test.ts(103,37): error TS2503: Cannot find namespace 'jest'.
tests/unit/controllers/exam.controller.test.ts(107,13): error TS2304: Cannot find name 'expect'.
tests/unit/controllers/exam.controller.test.ts(108,13): error TS2304: Cannot find name 'expect'.
tests/unit/controllers/exam.controller.test.ts(112,5): error TS2593: Cannot find name 'describe'. Do you need to install type definitions for a test runner? Try `npm i --save-dev @types/jest` or `npm i --save-dev @types/mocha` and then add 'jest' or 'mocha' to the types field in your tsconfig.
tests/unit/controllers/exam.controller.test.ts(113,9): error TS2593: Cannot find name 'it'. Do you need to install type definitions for a test runner? Try `npm i --save-dev @types/jest` or `npm i --save-dev @types/mocha` and then add 'jest' or 'mocha' to the types field in your tsconfig.
tests/unit/controllers/exam.controller.test.ts(116,37): error TS2503: Cannot find namespace 'jest'.
tests/unit/controllers/exam.controller.test.ts(120,13): error TS2304: Cannot find name 'expect'.
tests/unit/controllers/exam.controller.test.ts(121,13): error TS2304: Cannot find name 'expect'.
